// Jest Snapshot v1, https://goo.gl/fbAQLP

exports[`modules/auth/screens/ResetPassword ResetPassword should render correctly if 1`] = `
<View
  style={
    Object {
      "flex": 1,
      "flexDirection": "column",
    }
  }
>
  <View
    style={
      Array [
        Array [
          Object {
            "alignItems": "center",
            "backgroundColor": "#FFF",
            "borderBottomColor": "#e1e1e1",
            "borderBottomWidth": 1,
            "elevation": 8,
            "flexDirection": "row",
            "height": 55,
            "justifyContent": "flex-end",
            "marginTop": 15,
            "paddingHorizontal": 18,
            "zIndex": 1000,
          },
        ],
        undefined,
      ]
    }
  >
    <View
      style={
        Array [
          Object {
            "alignItems": "center",
            "bottom": 0,
            "flexDirection": "row",
            "justifyContent": "flex-start",
            "left": 18,
            "position": "absolute",
            "top": 0,
            "zIndex": 1002,
          },
          null,
        ]
      }
    >
      <View
        accessibilityComponentType="button"
        accessibilityLabel={undefined}
        accessibilityTraits={
          Array [
            "button",
          ]
        }
        accessible={true}
        collapsable={undefined}
        hitSlop={
          Object {
            "bottom": 10,
            "left": 10,
            "right": 10,
            "top": 10,
          }
        }
        isTVSelectable={true}
        nativeID={undefined}
        onLayout={undefined}
        onResponderGrant={[Function]}
        onResponderMove={[Function]}
        onResponderRelease={[Function]}
        onResponderTerminate={[Function]}
        onResponderTerminationRequest={[Function]}
        onStartShouldSetResponder={[Function]}
        style={
          Object {
            "alignItems": "center",
            "backgroundColor": "transparent",
            "flexDirection": "row",
            "justifyContent": "flex-end",
            "opacity": 1,
            "padding": 6,
          }
        }
        testID={undefined}
        tvParallaxProperties={undefined}
      >
        <Text
          accessible={true}
          allowFontScaling={true}
          disabled={false}
          ellipsizeMode="tail"
          source="icon-arrow-left-ios-24"
          style={
            Array [
              Object {
                "fontFamily": "payeverIcons",
                "fontSize": 24,
              },
              Array [
                Object {
                  "fontFamily": "payeverIcons",
                  "fontSize": 24,
                },
                Array [
                  Object {
                    "height": 24,
                    "width": 24,
                  },
                  Object {
                    "color": "#0084ff",
                  },
                  undefined,
                ],
              ],
            ]
          }
          touchStyle={
            Object {
              "alignItems": "center",
              "borderColor": "blue",
              "borderWidth": 1,
              "justifyContent": "center",
            }
          }
        >
          Ó®ê
        </Text>
        <Text
          accessible={true}
          allowFontScaling={true}
          disabled={false}
          ellipsizeMode="tail"
          numberOfLines={1}
          style={
            Array [
              Object {
                "color": "#0084ff",
                "fontSize": 16,
                "marginLeft": 2,
              },
              Object {
                "fontSize": 16,
                "fontWeight": "400",
                "marginLeft": 2,
              },
            ]
          }
        >
          Login
        </Text>
      </View>
    </View>
    <View
      style={
        Object {
          "alignItems": "center",
          "bottom": 0,
          "flexDirection": "row",
          "justifyContent": "center",
          "left": 0,
          "position": "absolute",
          "right": 0,
          "top": 0,
          "zIndex": 1001,
        }
      }
    >
      <View
        accessibilityComponentType="button"
        accessibilityLabel={undefined}
        accessibilityTraits={
          Array [
            "button",
          ]
        }
        accessible={true}
        collapsable={undefined}
        hitSlop={
          Object {
            "bottom": 10,
            "left": 10,
            "right": 10,
            "top": 10,
          }
        }
        isTVSelectable={true}
        nativeID={undefined}
        onLayout={undefined}
        onResponderGrant={[Function]}
        onResponderMove={[Function]}
        onResponderRelease={[Function]}
        onResponderTerminate={[Function]}
        onResponderTerminationRequest={[Function]}
        onStartShouldSetResponder={[Function]}
        style={
          Object {
            "alignItems": "center",
            "backgroundColor": "transparent",
            "flexDirection": "row",
            "justifyContent": "center",
            "opacity": 1,
            "padding": 6,
          }
        }
        testID={undefined}
        tvParallaxProperties={undefined}
      >
        <Text
          accessible={true}
          allowFontScaling={true}
          disabled={false}
          ellipsizeMode="tail"
          numberOfLines={1}
          style={
            Array [
              Object {
                "color": "#000",
                "fontSize": 18,
                "textAlign": "center",
              },
              Object {},
            ]
          }
        >
          Reset Password
        </Text>
      </View>
    </View>
    <Image
      source={1}
      style={
        Object {
          "alignItems": "center",
          "flexDirection": "row",
          "height": null,
          "justifyContent": "flex-end",
          "paddingLeft": 20,
          "resizeMode": "stretch",
          "width": null,
          "zIndex": 1002,
        }
      }
    />
  </View>
  <View
    style={
      Array [
        Object {
          "alignItems": "center",
          "flexDirection": "column",
        },
        undefined,
      ]
    }
  >
    <RCTScrollView
      contentContainerStyle={
        Object {
          "flexDirection": "column",
          "marginTop": 133.4,
        }
      }
      keyboardShouldPersistTaps="always"
      layout="small"
      style={
        Array [
          Object {
            "maxWidth": 400,
            "width": 615,
          },
          undefined,
        ]
      }
    >
      <View>
        <View>
          <View
            style={
              Array [
                Object {
                  "height": 60,
                  "paddingBottom": 4,
                  "paddingTop": 28,
                  "position": "relative",
                },
                undefined,
              ]
            }
          >
            <TextInput
              autoCapitalize="none"
              autoCorrect={false}
              keyboardType="email-address"
              onBlur={[Function]}
              onChangeText={[Function]}
              onFocus={[Function]}
              returnKeyType="next"
              securityTextEntry={false}
              style={
                Array [
                  Object {
                    "fontSize": 13,
                    "height": 27,
                    "lineHeight": 24,
                    "paddingBottom": 3,
                  },
                  Object {
                    "color": "#000",
                  },
                  Object {},
                  Object {},
                  Object {},
                ]
              }
              underlineColorAndroid="rgba(0,0,0,0)"
              value=""
            />
            <View
              style={
                Array [
                  Object {
                    "alignItems": "center",
                    "height": 1,
                  },
                  Object {
                    "backgroundColor": "#E0E0E0",
                  },
                ]
              }
            >
              <View
                collapsable={undefined}
                style={
                  Object {
                    "backgroundColor": "#6d6d6d",
                    "height": 1,
                    "width": 0,
                  }
                }
              />
            </View>
            <Text
              accessible={true}
              allowFontScaling={true}
              collapsable={undefined}
              disabled={false}
              ellipsizeMode="tail"
              onPress={[Function]}
              style={
                Object {
                  "backgroundColor": "rgba(0,0,0,0)",
                  "color": "#9E9E9E",
                  "fontSize": 13,
                  "left": 0,
                  "position": "absolute",
                  "top": 32,
                }
              }
            >
              Email address
            </Text>
          </View>
        </View>
        <View
          style={
            Object {
              "marginTop": 20,
            }
          }
        >
          <View
            collapsable={undefined}
            style={
              Object {
                "opacity": 0.4,
              }
            }
          >
            <View
              accessibilityComponentType="button"
              accessibilityLabel={undefined}
              accessibilityTraits={
                Array [
                  "button",
                ]
              }
              accessible={true}
              collapsable={undefined}
              hitSlop={undefined}
              isTVSelectable={true}
              nativeID={undefined}
              onLayout={undefined}
              onResponderGrant={[Function]}
              onResponderMove={[Function]}
              onResponderRelease={[Function]}
              onResponderTerminate={[Function]}
              onResponderTerminationRequest={[Function]}
              onStartShouldSetResponder={[Function]}
              style={
                Object {
                  "alignItems": "center",
                  "backgroundColor": "#0084ff",
                  "borderRadius": 4,
                  "elevation": 3,
                  "height": 41,
                  "justifyContent": "center",
                  "opacity": 0.8,
                }
              }
              testID={undefined}
              tvParallaxProperties={undefined}
            >
              <Text
                accessible={true}
                allowFontScaling={true}
                disabled={false}
                ellipsizeMode="tail"
                style={
                  Array [
                    Object {
                      "color": "white",
                      "fontSize": 16,
                      "fontWeight": "400",
                      "padding": 8,
                      "textAlign": "center",
                    },
                    Object {
                      "color": "white",
                      "fontSize": 16,
                    },
                  ]
                }
              >
                Resset Password
              </Text>
            </View>
          </View>
        </View>
      </View>
    </RCTScrollView>
  </View>
</View>
`;
